<?xml version='1.0' encoding='UTF-8'?>
<caom2:Observation xmlns:caom2="http://www.opencadc.org/caom2/xml/v2.4" xmlns:xsi="http://www.w3.org/2001/XMLSchema-instance" xsi:type="caom2:SimpleObservation" caom2:id="0f5d2e1f-c1ac-4215-8291-1533c0c0ecc8" caom2:metaProducer="taosii2caom2/0.1.0">
  <caom2:collection>TAOSII</caom2:collection>
  <caom2:observationID>taos2_20230219T205554Z_cmos21_skyflat_003</caom2:observationID>
  <caom2:metaRelease>2022-05-05T20:39:23.050</caom2:metaRelease>
  <caom2:algorithm>
    <caom2:name>exposure</caom2:name>
  </caom2:algorithm>
  <caom2:type>SKYFLAT</caom2:type>
  <caom2:intent>calibration</caom2:intent>
  <caom2:proposal>
    <caom2:id>125</caom2:id>
    <caom2:pi>Matthew Lehner</caom2:pi>
    <caom2:project>TAOS2</caom2:project>
    <caom2:title>Transneptunian Automated Occultation Survey</caom2:title>
    <caom2:keywords>
      <caom2:keyword>Occultations</caom2:keyword>
      <caom2:keyword>Trans Neptunian Object</caom2:keyword>
      <caom2:keyword>Kuiper Belt</caom2:keyword>
    </caom2:keywords>
  </caom2:proposal>
  <caom2:instrument>
    <caom2:name>TAOS_II</caom2:name>
    <caom2:keywords>
      <caom2:keyword>SINGLE</caom2:keyword>
    </caom2:keywords>
  </caom2:instrument>
  <caom2:planes>
    <caom2:plane caom2:id="e56fba92-ec3e-4d76-ba65-ad72d7504021" caom2:metaProducer="taosii2caom2/0.1.0">
      <caom2:productID>taos2_20230219T205554Z_cmos21_skyflat_003</caom2:productID>
      <caom2:metaRelease>2022-05-05T20:39:23.050</caom2:metaRelease>
      <caom2:dataRelease>2022-05-05T20:39:23.050</caom2:dataRelease>
      <caom2:dataProductType>image</caom2:dataProductType>
      <caom2:calibrationLevel>1</caom2:calibrationLevel>
      <caom2:artifacts>
        <caom2:artifact caom2:id="94f4c108-ec71-4e08-9d7a-4f08668c4db6" caom2:metaProducer="taosii2caom2/0.1.0">
          <caom2:uri>cadc:TAOSII/taos2_20230219T205554Z_cmos21_skyflat_003.h5</caom2:uri>
          <caom2:productType>calibration</caom2:productType>
          <caom2:releaseType>data</caom2:releaseType>
          <caom2:contentType>application/x-hdf5</caom2:contentType>
          <caom2:parts>
            <caom2:part caom2:id="bf4b8d0e-739e-445d-8250-fabc313d3fa8">
              <caom2:name>0</caom2:name>
              <caom2:chunks>
                <caom2:chunk caom2:id="38d9bcf9-e52d-4153-8f04-c3daa8acb988" caom2:metaProducer="taosii2caom2/0.1.0">
                  <caom2:energy>
                    <caom2:axis>
                      <caom2:axis>
                        <caom2:ctype>WAVE</caom2:ctype>
                        <caom2:cunit>m</caom2:cunit>
                      </caom2:axis>
                      <caom2:function>
                        <caom2:naxis>1</caom2:naxis>
                        <caom2:delta>1.0</caom2:delta>
                        <caom2:refCoord>
                          <caom2:pix>0.5</caom2:pix>
                          <caom2:val>5.6e-07</caom2:val>
                        </caom2:refCoord>
                      </caom2:function>
                    </caom2:axis>
                    <caom2:specsys>TOPOCENT</caom2:specsys>
                    <caom2:ssysobs>TOPOCENT</caom2:ssysobs>
                    <caom2:ssyssrc>TOPOCENT</caom2:ssyssrc>
                    <caom2:bandpassName>CLEAR</caom2:bandpassName>
                    <caom2:resolvingPower>1.575</caom2:resolvingPower>
                  </caom2:energy>
                  <caom2:time>
                    <caom2:axis>
                      <caom2:axis>
                        <caom2:ctype>UTC</caom2:ctype>
                        <caom2:cunit>d</caom2:cunit>
                      </caom2:axis>
                      <caom2:function>
                        <caom2:naxis>1</caom2:naxis>
                        <caom2:delta>1.0</caom2:delta>
                        <caom2:refCoord>
                          <caom2:pix>0.5</caom2:pix>
                          <caom2:val>0.8722511574051168</caom2:val>
                        </caom2:refCoord>
                      </caom2:function>
                    </caom2:axis>
                    <caom2:mjdref>59994.0</caom2:mjdref>
                    <caom2:exposure>5.0</caom2:exposure>
                  </caom2:time>
                </caom2:chunk>
              </caom2:chunks>
            </caom2:part>
            <caom2:part caom2:id="7371a502-79aa-4af6-bbe9-3c75e7720b5d">
              <caom2:name>1</caom2:name>
              <caom2:chunks>
                <caom2:chunk caom2:id="66d767d7-062c-4dcf-a934-dec72f22c810" caom2:metaProducer="taosii2caom2/0.1.0">
                  <caom2:energy>
                    <caom2:axis>
                      <caom2:axis>
                        <caom2:ctype>WAVE</caom2:ctype>
                        <caom2:cunit>m</caom2:cunit>
                      </caom2:axis>
                      <caom2:function>
                        <caom2:naxis>1</caom2:naxis>
                        <caom2:delta>1.0</caom2:delta>
                        <caom2:refCoord>
                          <caom2:pix>0.5</caom2:pix>
                          <caom2:val>5.6e-07</caom2:val>
                        </caom2:refCoord>
                      </caom2:function>
                    </caom2:axis>
                    <caom2:specsys>TOPOCENT</caom2:specsys>
                    <caom2:ssysobs>TOPOCENT</caom2:ssysobs>
                    <caom2:ssyssrc>TOPOCENT</caom2:ssyssrc>
                    <caom2:bandpassName>CLEAR</caom2:bandpassName>
                    <caom2:resolvingPower>1.575</caom2:resolvingPower>
                  </caom2:energy>
                  <caom2:time>
                    <caom2:axis>
                      <caom2:axis>
                        <caom2:ctype>UTC</caom2:ctype>
                        <caom2:cunit>d</caom2:cunit>
                      </caom2:axis>
                      <caom2:function>
                        <caom2:naxis>1</caom2:naxis>
                        <caom2:delta>1.0</caom2:delta>
                        <caom2:refCoord>
                          <caom2:pix>0.5</caom2:pix>
                          <caom2:val>0.8722511574051168</caom2:val>
                        </caom2:refCoord>
                      </caom2:function>
                    </caom2:axis>
                    <caom2:mjdref>59994.0</caom2:mjdref>
                    <caom2:exposure>5.0</caom2:exposure>
                  </caom2:time>
                </caom2:chunk>
              </caom2:chunks>
            </caom2:part>
            <caom2:part caom2:id="aaec92c3-0316-4d25-8f80-0e5f982767c7">
              <caom2:name>2</caom2:name>
              <caom2:chunks>
                <caom2:chunk caom2:id="71be8534-a2a5-4e97-ac7e-e6c7e7872d49" caom2:metaProducer="taosii2caom2/0.1.0">
                  <caom2:energy>
                    <caom2:axis>
                      <caom2:axis>
                        <caom2:ctype>WAVE</caom2:ctype>
                        <caom2:cunit>m</caom2:cunit>
                      </caom2:axis>
                      <caom2:function>
                        <caom2:naxis>1</caom2:naxis>
                        <caom2:delta>1.0</caom2:delta>
                        <caom2:refCoord>
                          <caom2:pix>0.5</caom2:pix>
                          <caom2:val>5.6e-07</caom2:val>
                        </caom2:refCoord>
                      </caom2:function>
                    </caom2:axis>
                    <caom2:specsys>TOPOCENT</caom2:specsys>
                    <caom2:ssysobs>TOPOCENT</caom2:ssysobs>
                    <caom2:ssyssrc>TOPOCENT</caom2:ssyssrc>
                    <caom2:bandpassName>CLEAR</caom2:bandpassName>
                    <caom2:resolvingPower>1.575</caom2:resolvingPower>
                  </caom2:energy>
                  <caom2:time>
                    <caom2:axis>
                      <caom2:axis>
                        <caom2:ctype>UTC</caom2:ctype>
                        <caom2:cunit>d</caom2:cunit>
                      </caom2:axis>
                      <caom2:function>
                        <caom2:naxis>1</caom2:naxis>
                        <caom2:delta>1.0</caom2:delta>
                        <caom2:refCoord>
                          <caom2:pix>0.5</caom2:pix>
                          <caom2:val>0.8722511574051168</caom2:val>
                        </caom2:refCoord>
                      </caom2:function>
                    </caom2:axis>
                    <caom2:mjdref>59994.0</caom2:mjdref>
                    <caom2:exposure>5.0</caom2:exposure>
                  </caom2:time>
                </caom2:chunk>
              </caom2:chunks>
            </caom2:part>
          </caom2:parts>
        </caom2:artifact>
      </caom2:artifacts>
    </caom2:plane>
  </caom2:planes>
</caom2:Observation>
