<?xml version='1.0' encoding='UTF-8'?>
<caom2:Observation xmlns:caom2="http://www.opencadc.org/caom2/xml/v2.4" xmlns:xsi="http://www.w3.org/2001/XMLSchema-instance" xsi:type="caom2:SimpleObservation" caom2:id="00000000-0000-0000-80a9-e59f7bb85513">
  <caom2:collection>TAOSII</caom2:collection>
  <caom2:observationID>taos2_20220201T201117Z_cmos13_point_006</caom2:observationID>
  <caom2:metaRelease>2022-05-05T20:39:23.050</caom2:metaRelease>
  <caom2:algorithm>
    <caom2:name>exposure</caom2:name>
  </caom2:algorithm>
  <caom2:type>POINT</caom2:type>
  <caom2:intent>calibration</caom2:intent>
  <caom2:proposal>
    <caom2:id>128</caom2:id>
    <caom2:pi>Matthew Lehner</caom2:pi>
    <caom2:project>TAOS2</caom2:project>
    <caom2:title>Transneptunian Automated Occultation Survey</caom2:title>
    <caom2:keywords>
      <caom2:keyword>Kuiper Belt</caom2:keyword>
      <caom2:keyword>Occultations</caom2:keyword>
      <caom2:keyword>Trans Neptunian Object</caom2:keyword>
    </caom2:keywords>
  </caom2:proposal>
  <caom2:target>
    <caom2:name>TAOSFIELD_123</caom2:name>
    <caom2:type>object</caom2:type>
  </caom2:target>
  <caom2:instrument>
    <caom2:name>TAOS_II</caom2:name>
    <caom2:keywords>
      <caom2:keyword>SINGLE</caom2:keyword>
    </caom2:keywords>
  </caom2:instrument>
  <caom2:planes>
    <caom2:plane caom2:id="e8345494-16b9-4243-8567-93027692a7a6" caom2:metaProducer="taosii2caom2/0.1.0">
        <caom2:productID>taos2_20220201T201117Z_cmos13_point_006</caom2:productID>
        <caom2:dataProductType>image</caom2:dataProductType>
        <caom2:calibrationLevel>1</caom2:calibrationLevel>
        <caom2:artifacts>
          <caom2:artifact caom2:id="14cf49b7-f589-4ce4-9cb3-4401f34c99ac" caom2:metaProducer="taosii2caom2/0.1.0">
            <caom2:uri>cadc:TAOSII/taos2_20220201T201117Z_cmos13_point_006.h5</caom2:uri>
            <caom2:productType>calibration</caom2:productType>
            <caom2:releaseType>data</caom2:releaseType>
            <caom2:contentType>application/x-hdf5</caom2:contentType>
            <caom2:parts>
              <caom2:part caom2:id="c567495d-64b3-498d-9f3f-4841dad62e57">
                <caom2:name>0</caom2:name>
                <caom2:chunks>
                  <caom2:chunk caom2:id="399718be-9de6-4481-a058-b80715831563" caom2:metaProducer="taosii2caom2/0.1.0">
                    <caom2:naxis>4</caom2:naxis>
                    <caom2:positionAxis1>1</caom2:positionAxis1>
                    <caom2:positionAxis2>2</caom2:positionAxis2>
                    <caom2:energyAxis>4</caom2:energyAxis>
                    <caom2:timeAxis>3</caom2:timeAxis>
                    <caom2:position>
                      <caom2:axis>
                        <caom2:axis1>
                          <caom2:ctype>RA---TAN-SIP</caom2:ctype>
                          <caom2:cunit>rad</caom2:cunit>
                        </caom2:axis1>
                        <caom2:axis2>
                          <caom2:ctype>DEC--TAN-SIP</caom2:ctype>
                          <caom2:cunit>rad</caom2:cunit>
                        </caom2:axis2>
                        <caom2:function>
                          <caom2:dimension>
                            <caom2:naxis1>1920</caom2:naxis1>
                            <caom2:naxis2>4608</caom2:naxis2>
                          </caom2:dimension>
                          <caom2:refCoord>
                            <caom2:coord1>
                              <caom2:pix>910.554229736</caom2:pix>
                              <caom2:val>1.3028748425170718</caom2:val>
                            </caom2:coord1>
                            <caom2:coord2>
                              <caom2:pix>759.55128479</caom2:pix>
                              <caom2:val>0.36083190511928515</caom2:val>
                            </caom2:coord2>
                          </caom2:refCoord>
                          <caom2:cd11>-3.055789796926023e-06</caom2:cd11>
                          <caom2:cd12>5.17684229864217e-09</caom2:cd12>
                          <caom2:cd21>-8.84247710317511e-09</caom2:cd21>
                          <caom2:cd22>-3.054677504562753e-06</caom2:cd22>
                        </caom2:function>
                      </caom2:axis>
                    </caom2:position>
                    <caom2:energy>
                      <caom2:axis>
                        <caom2:axis>
                          <caom2:ctype>WAVE</caom2:ctype>
                          <caom2:cunit>nm</caom2:cunit>
                        </caom2:axis>
                        <caom2:range>
                          <caom2:start>
                            <caom2:pix>0.5</caom2:pix>
                            <caom2:val>400.0</caom2:val>
                          </caom2:start>
                          <caom2:end>
                            <caom2:pix>1.5</caom2:pix>
                            <caom2:val>800.0</caom2:val>
                          </caom2:end>
                        </caom2:range>
                      </caom2:axis>
                      <caom2:specsys>TOPOCENT</caom2:specsys>
                      <caom2:ssysobs>TOPOCENT</caom2:ssysobs>
                      <caom2:ssyssrc>TOPOCENT</caom2:ssyssrc>
                      <caom2:bandpassName>CLEAR</caom2:bandpassName>
                    </caom2:energy>
                    <caom2:time>
                      <caom2:axis>
                        <caom2:axis>
                          <caom2:ctype>TIME</caom2:ctype>
                          <caom2:cunit>d</caom2:cunit>
                        </caom2:axis>
                        <caom2:range>
                          <caom2:start>
                            <caom2:pix>0.5</caom2:pix>
                            <caom2:val>59611.84166666667</caom2:val>
                          </caom2:start>
                          <caom2:end>
                            <caom2:pix>1.5</caom2:pix>
                            <caom2:val>59611.84168981481</caom2:val>
                          </caom2:end>
                        </caom2:range>
                      </caom2:axis>
                      <caom2:exposure>2.314814628334716e-05</caom2:exposure>
                    </caom2:time>
                  </caom2:chunk>
                </caom2:chunks>
              </caom2:part>
              <caom2:part caom2:id="b5fb1943-fed9-4fcc-92f7-cd60dd33ca8c">
                <caom2:name>1</caom2:name>
                <caom2:chunks>
                  <caom2:chunk caom2:id="265d540e-1e3f-4633-8749-421f81174b0e" caom2:metaProducer="taosii2caom2/0.1.0">
                    <caom2:naxis>4</caom2:naxis>
                    <caom2:positionAxis1>1</caom2:positionAxis1>
                    <caom2:positionAxis2>2</caom2:positionAxis2>
                    <caom2:energyAxis>4</caom2:energyAxis>
                    <caom2:timeAxis>3</caom2:timeAxis>
                    <caom2:position>
                      <caom2:axis>
                        <caom2:axis1>
                          <caom2:ctype>RA---TAN-SIP</caom2:ctype>
                          <caom2:cunit>rad</caom2:cunit>
                        </caom2:axis1>
                        <caom2:axis2>
                          <caom2:ctype>DEC--TAN-SIP</caom2:ctype>
                          <caom2:cunit>rad</caom2:cunit>
                        </caom2:axis2>
                        <caom2:function>
                          <caom2:dimension>
                            <caom2:naxis1>1920</caom2:naxis1>
                            <caom2:naxis2>4608</caom2:naxis2>
                          </caom2:dimension>
                          <caom2:refCoord>
                            <caom2:coord1>
                              <caom2:pix>910.554885864</caom2:pix>
                              <caom2:val>1.3028748457982908</caom2:val>
                            </caom2:coord1>
                            <caom2:coord2>
                              <caom2:pix>759.538906097</caom2:pix>
                              <caom2:val>0.3608318611649132</caom2:val>
                            </caom2:coord2>
                          </caom2:refCoord>
                          <caom2:cd11>-3.056038798826708e-06</caom2:cd11>
                          <caom2:cd12>5.311589798573419e-09</caom2:cd12>
                          <caom2:cd21>-8.530093204777965e-09</caom2:cd21>
                          <caom2:cd22>-3.054771726598754e-06</caom2:cd22>
                        </caom2:function>
                      </caom2:axis>
                    </caom2:position>
                    <caom2:energy>
                      <caom2:axis>
                        <caom2:axis>
                          <caom2:ctype>WAVE</caom2:ctype>
                          <caom2:cunit>nm</caom2:cunit>
                        </caom2:axis>
                        <caom2:range>
                          <caom2:start>
                            <caom2:pix>0.5</caom2:pix>
                            <caom2:val>400.0</caom2:val>
                          </caom2:start>
                          <caom2:end>
                            <caom2:pix>1.5</caom2:pix>
                            <caom2:val>800.0</caom2:val>
                          </caom2:end>
                        </caom2:range>
                      </caom2:axis>
                      <caom2:specsys>TOPOCENT</caom2:specsys>
                      <caom2:ssysobs>TOPOCENT</caom2:ssysobs>
                      <caom2:ssyssrc>TOPOCENT</caom2:ssyssrc>
                      <caom2:bandpassName>CLEAR</caom2:bandpassName>
                    </caom2:energy>
                    <caom2:time>
                      <caom2:axis>
                        <caom2:axis>
                          <caom2:ctype>TIME</caom2:ctype>
                          <caom2:cunit>d</caom2:cunit>
                        </caom2:axis>
                        <caom2:range>
                          <caom2:start>
                            <caom2:pix>0.5</caom2:pix>
                            <caom2:val>59611.84166666667</caom2:val>
                          </caom2:start>
                          <caom2:end>
                            <caom2:pix>1.5</caom2:pix>
                            <caom2:val>59611.84168981481</caom2:val>
                          </caom2:end>
                        </caom2:range>
                      </caom2:axis>
                      <caom2:exposure>2.314814628334716e-05</caom2:exposure>
                    </caom2:time>
                  </caom2:chunk>
                </caom2:chunks>
              </caom2:part>
              <caom2:part caom2:id="1790a0e6-98fc-4670-b887-e64493793eae">
                <caom2:name>2</caom2:name>
                <caom2:chunks>
                  <caom2:chunk caom2:id="16dd3512-21b7-49e7-90f4-a03bc8cbb192" caom2:metaProducer="taosii2caom2/0.1.0">
                    <caom2:naxis>4</caom2:naxis>
                    <caom2:positionAxis1>1</caom2:positionAxis1>
                    <caom2:positionAxis2>2</caom2:positionAxis2>
                    <caom2:energyAxis>4</caom2:energyAxis>
                    <caom2:timeAxis>3</caom2:timeAxis>
                    <caom2:position>
                      <caom2:axis>
                        <caom2:axis1>
                          <caom2:ctype>RA---TAN-SIP</caom2:ctype>
                          <caom2:cunit>rad</caom2:cunit>
                        </caom2:axis1>
                        <caom2:axis2>
                          <caom2:ctype>DEC--TAN-SIP</caom2:ctype>
                          <caom2:cunit>rad</caom2:cunit>
                        </caom2:axis2>
                        <caom2:function>
                          <caom2:dimension>
                            <caom2:naxis1>1920</caom2:naxis1>
                            <caom2:naxis2>4608</caom2:naxis2>
                          </caom2:dimension>
                          <caom2:refCoord>
                            <caom2:coord1>
                              <caom2:pix>910.550338745</caom2:pix>
                              <caom2:val>1.3028749225543808</caom2:val>
                            </caom2:coord1>
                            <caom2:coord2>
                              <caom2:pix>759.5545578</caom2:pix>
                              <caom2:val>0.36083189800706844</caom2:val>
                            </caom2:coord2>
                          </caom2:refCoord>
                          <caom2:cd11>-3.056099929280465e-06</caom2:cd11>
                          <caom2:cd12>5.26221921634137e-09</caom2:cd12>
                          <caom2:cd21>-8.906590162255861e-09</caom2:cd21>
                          <caom2:cd22>-3.0546760780702482e-06</caom2:cd22>
                        </caom2:function>
                      </caom2:axis>
                    </caom2:position>
                    <caom2:energy>
                      <caom2:axis>
                        <caom2:axis>
                          <caom2:ctype>WAVE</caom2:ctype>
                          <caom2:cunit>nm</caom2:cunit>
                        </caom2:axis>
                        <caom2:range>
                          <caom2:start>
                            <caom2:pix>0.5</caom2:pix>
                            <caom2:val>400.0</caom2:val>
                          </caom2:start>
                          <caom2:end>
                            <caom2:pix>1.5</caom2:pix>
                            <caom2:val>800.0</caom2:val>
                          </caom2:end>
                        </caom2:range>
                      </caom2:axis>
                      <caom2:specsys>TOPOCENT</caom2:specsys>
                      <caom2:ssysobs>TOPOCENT</caom2:ssysobs>
                      <caom2:ssyssrc>TOPOCENT</caom2:ssyssrc>
                      <caom2:bandpassName>CLEAR</caom2:bandpassName>
                    </caom2:energy>
                    <caom2:time>
                      <caom2:axis>
                        <caom2:axis>
                          <caom2:ctype>TIME</caom2:ctype>
                          <caom2:cunit>d</caom2:cunit>
                        </caom2:axis>
                        <caom2:range>
                          <caom2:start>
                            <caom2:pix>0.5</caom2:pix>
                            <caom2:val>59611.84166666667</caom2:val>
                          </caom2:start>
                          <caom2:end>
                            <caom2:pix>1.5</caom2:pix>
                            <caom2:val>59611.84168981481</caom2:val>
                          </caom2:end>
                        </caom2:range>
                      </caom2:axis>
                      <caom2:exposure>2.314814628334716e-05</caom2:exposure>
                    </caom2:time>
                  </caom2:chunk>
                </caom2:chunks>
              </caom2:part>
            </caom2:parts>
          </caom2:artifact>
        </caom2:artifacts>
      </caom2:plane>
  </caom2:planes>
</caom2:Observation>
