<?xml version='1.0' encoding='UTF-8'?>
<caom2:Observation xmlns:caom2="http://www.opencadc.org/caom2/xml/v2.4" xmlns:xsi="http://www.w3.org/2001/XMLSchema-instance" xsi:type="caom2:SimpleObservation" caom2:id="00000000-0000-1111-80a9-e59f7bb85513">
  <caom2:collection>TAOSII</caom2:collection>
  <caom2:observationID>taos2_20230118T233621Z_star123987456</caom2:observationID>
  <caom2:metaRelease>2022-05-05T20:39:23.050</caom2:metaRelease>
  <caom2:algorithm>
    <caom2:name>exposure</caom2:name>
  </caom2:algorithm>
  <caom2:type>IMAGE</caom2:type>
  <caom2:intent>science</caom2:intent>
  <caom2:proposal>
    <caom2:id>34567</caom2:id>
    <caom2:pi>Matthew Lehner</caom2:pi>
    <caom2:project>TAOS2</caom2:project>
    <caom2:title>Transneptunian Automated Occultation Survey</caom2:title>
    <caom2:keywords>
      <caom2:keyword>Kuiper Belt</caom2:keyword>
      <caom2:keyword>Occultations</caom2:keyword>
      <caom2:keyword>Trans Neptunian Object</caom2:keyword>
    </caom2:keywords>
  </caom2:proposal>
  <caom2:target>
    <caom2:name>123</caom2:name>
    <caom2:type>object</caom2:type>
  </caom2:target>
  <caom2:targetPosition>
    <caom2:coordsys>FK5</caom2:coordsys>
    <caom2:equinox>2000.0</caom2:equinox>
    <caom2:coordinates>
      <caom2:cval1>51.839999999999826</caom2:cval1>
      <caom2:cval2>20.789</caom2:cval2>
    </caom2:coordinates>
  </caom2:targetPosition>
  <caom2:instrument>
    <caom2:name>TAOS_II</caom2:name>
  </caom2:instrument>
  <caom2:planes>
    <caom2:plane caom2:id="504e9455-ac39-422c-88f0-ac419630e9b9" caom2:metaProducer="taosii2caom2/0.1.0">
      <caom2:productID>taos2lcv_obs_20230118T233621Z_star123987456</caom2:productID>
      <caom2:metaRelease>2022-05-05T20:39:23.050</caom2:metaRelease>
      <caom2:dataRelease>2022-05-05T20:39:23.050</caom2:dataRelease>
      <caom2:dataProductType>timeseries</caom2:dataProductType>
      <caom2:calibrationLevel>2</caom2:calibrationLevel>
      <caom2:artifacts>
        <caom2:artifact caom2:id="daea670d-68f8-4792-86ea-dd6480b9c4b2" caom2:metaProducer="taosii2caom2/0.1.0">
          <caom2:uri>cadc:TAOSII/taos2lcv_obs_20230118T233621Z_star123987456.h5</caom2:uri>
          <caom2:productType>science</caom2:productType>
          <caom2:releaseType>data</caom2:releaseType>
          <caom2:contentType>application/x-hdf5</caom2:contentType>
          <caom2:parts>
            <caom2:part caom2:id="f5a431f2-daf8-45e5-9bbd-5477e7ad040a">
              <caom2:name>0</caom2:name>
              <caom2:chunks>
                <caom2:chunk caom2:id="f62bdd3b-3702-42aa-b615-1aedfd12daf1" caom2:metaProducer="taosii2caom2/0.1.0">
                  <caom2:energy>
                    <caom2:axis>
                      <caom2:axis>
                        <caom2:ctype>WAVE</caom2:ctype>
                        <caom2:cunit>nm</caom2:cunit>
                      </caom2:axis>
                      <caom2:range>
                        <caom2:start>
                          <caom2:pix>0.5</caom2:pix>
                          <caom2:val>430.0</caom2:val>
                        </caom2:start>
                        <caom2:end>
                          <caom2:pix>1.5</caom2:pix>
                          <caom2:val>830.0</caom2:val>
                        </caom2:end>
                      </caom2:range>
                    </caom2:axis>
                    <caom2:specsys>TOPOCENT</caom2:specsys>
                    <caom2:ssysobs>TOPOCENT</caom2:ssysobs>
                    <caom2:ssyssrc>TOPOCENT</caom2:ssyssrc>
                    <caom2:bandpassName>CLEAR</caom2:bandpassName>
                  </caom2:energy>
                  <caom2:time>
                    <caom2:axis>
                      <caom2:axis>
                        <caom2:ctype>TIME</caom2:ctype>
                        <caom2:cunit>d</caom2:cunit>
                      </caom2:axis>
                      <caom2:range>
                        <caom2:start>
                          <caom2:pix>0.0</caom2:pix>
                          <caom2:val>59962.98359953704</caom2:val>
                        </caom2:start>
                        <caom2:end>
                          <caom2:pix>143999.0</caom2:pix>
                          <caom2:val>59963.06693287037</caom2:val>
                        </caom2:end>
                      </caom2:range>
                    </caom2:axis>
                    <caom2:exposure>0.05</caom2:exposure>
                  </caom2:time>
                </caom2:chunk>
              </caom2:chunks>
            </caom2:part>
          </caom2:parts>
        </caom2:artifact>
      </caom2:artifacts>
    </caom2:plane>
  </caom2:planes>
</caom2:Observation>
